<?xml version="1.0"?>
<link_info>
   <banner>MSP430 Linker Unix v15.12.3.LTS</banner>
   <copyright>Copyright (c) 2003-2015 Texas Instruments Incorporated</copyright>
   <link_time>0x58105347</link_time>
   <link_errors>0x0</link_errors>
   <output_file>EVM430-FR6989_Out_of_Box_FW.out</output_file>
   <entry_point>
      <name>_c_int00_noargs_noexit</name>
      <address>0x5b06</address>
   </entry_point>
   <input_file_list>
      <input_file id="fl-2">
         <path>./</path>
         <kind>object</kind>
         <file>ESI_ESIOSC.obj</file>
         <name>ESI_ESIOSC.obj</name>
      </input_file>
      <input_file id="fl-3">
         <path>./</path>
         <kind>object</kind>
         <file>IIC.obj</file>
         <name>IIC.obj</name>
      </input_file>
      <input_file id="fl-4">
         <path>./</path>
         <kind>object</kind>
         <file>LCD.obj</file>
         <name>LCD.obj</name>
      </input_file>
      <input_file id="fl-5">
         <path>./</path>
         <kind>object</kind>
         <file>ScanIF.obj</file>
         <name>ScanIF.obj</name>
      </input_file>
      <input_file id="fl-6">
         <path>./</path>
         <kind>object</kind>
         <file>main.obj</file>
         <name>main.obj</name>
      </input_file>
      <input_file id="fl-21">
         <path>/home/user/ti/ccsv6/tools/compiler/msp430_15.12.3.LTS/lib/</path>
         <kind>archive</kind>
         <file>rts430x_lc_sd_eabi.lib</file>
         <name>abs.obj</name>
      </input_file>
      <input_file id="fl-22">
         <path>/home/user/ti/ccsv6/tools/compiler/msp430_15.12.3.LTS/lib/</path>
         <kind>archive</kind>
         <file>rts430x_lc_sd_eabi.lib</file>
         <name>boot.obj</name>
      </input_file>
      <input_file id="fl-23">
         <path>/home/user/ti/ccsv6/tools/compiler/msp430_15.12.3.LTS/lib/</path>
         <kind>archive</kind>
         <file>rts430x_lc_sd_eabi.lib</file>
         <name>boot_special.obj</name>
      </input_file>
      <input_file id="fl-24">
         <path>/home/user/ti/ccsv6/tools/compiler/msp430_15.12.3.LTS/lib/</path>
         <kind>archive</kind>
         <file>rts430x_lc_sd_eabi.lib</file>
         <name>copy_decompress_none.obj</name>
      </input_file>
      <input_file id="fl-25">
         <path>/home/user/ti/ccsv6/tools/compiler/msp430_15.12.3.LTS/lib/</path>
         <kind>archive</kind>
         <file>rts430x_lc_sd_eabi.lib</file>
         <name>copy_decompress_rle.obj</name>
      </input_file>
      <input_file id="fl-26">
         <path>/home/user/ti/ccsv6/tools/compiler/msp430_15.12.3.LTS/lib/</path>
         <kind>archive</kind>
         <file>rts430x_lc_sd_eabi.lib</file>
         <name>copy_zero_init.obj</name>
      </input_file>
      <input_file id="fl-27">
         <path>/home/user/ti/ccsv6/tools/compiler/msp430_15.12.3.LTS/lib/</path>
         <kind>archive</kind>
         <file>rts430x_lc_sd_eabi.lib</file>
         <name>cpy_util.obj</name>
      </input_file>
      <input_file id="fl-28">
         <path>/home/user/ti/ccsv6/tools/compiler/msp430_15.12.3.LTS/lib/</path>
         <kind>archive</kind>
         <file>rts430x_lc_sd_eabi.lib</file>
         <name>div16s.obj</name>
      </input_file>
      <input_file id="fl-29">
         <path>/home/user/ti/ccsv6/tools/compiler/msp430_15.12.3.LTS/lib/</path>
         <kind>archive</kind>
         <file>rts430x_lc_sd_eabi.lib</file>
         <name>div16u.obj</name>
      </input_file>
      <input_file id="fl-2a">
         <path>/home/user/ti/ccsv6/tools/compiler/msp430_15.12.3.LTS/lib/</path>
         <kind>archive</kind>
         <file>rts430x_lc_sd_eabi.lib</file>
         <name>exit.obj</name>
      </input_file>
      <input_file id="fl-2b">
         <path>/home/user/ti/ccsv6/tools/compiler/msp430_15.12.3.LTS/lib/</path>
         <kind>archive</kind>
         <file>rts430x_lc_sd_eabi.lib</file>
         <name>exit_gvars.obj</name>
      </input_file>
      <input_file id="fl-2c">
         <path>/home/user/ti/ccsv6/tools/compiler/msp430_15.12.3.LTS/lib/</path>
         <kind>archive</kind>
         <file>rts430x_lc_sd_eabi.lib</file>
         <name>int27.obj</name>
      </input_file>
      <input_file id="fl-2d">
         <path>/home/user/ti/ccsv6/tools/compiler/msp430_15.12.3.LTS/lib/</path>
         <kind>archive</kind>
         <file>rts430x_lc_sd_eabi.lib</file>
         <name>int28.obj</name>
      </input_file>
      <input_file id="fl-2e">
         <path>/home/user/ti/ccsv6/tools/compiler/msp430_15.12.3.LTS/lib/</path>
         <kind>archive</kind>
         <file>rts430x_lc_sd_eabi.lib</file>
         <name>int29.obj</name>
      </input_file>
      <input_file id="fl-2f">
         <path>/home/user/ti/ccsv6/tools/compiler/msp430_15.12.3.LTS/lib/</path>
         <kind>archive</kind>
         <file>rts430x_lc_sd_eabi.lib</file>
         <name>int30.obj</name>
      </input_file>
      <input_file id="fl-30">
         <path>/home/user/ti/ccsv6/tools/compiler/msp430_15.12.3.LTS/lib/</path>
         <kind>archive</kind>
         <file>rts430x_lc_sd_eabi.lib</file>
         <name>int31.obj</name>
      </input_file>
      <input_file id="fl-31">
         <path>/home/user/ti/ccsv6/tools/compiler/msp430_15.12.3.LTS/lib/</path>
         <kind>archive</kind>
         <file>rts430x_lc_sd_eabi.lib</file>
         <name>int32.obj</name>
      </input_file>
      <input_file id="fl-32">
         <path>/home/user/ti/ccsv6/tools/compiler/msp430_15.12.3.LTS/lib/</path>
         <kind>archive</kind>
         <file>rts430x_lc_sd_eabi.lib</file>
         <name>int33.obj</name>
      </input_file>
      <input_file id="fl-33">
         <path>/home/user/ti/ccsv6/tools/compiler/msp430_15.12.3.LTS/lib/</path>
         <kind>archive</kind>
         <file>rts430x_lc_sd_eabi.lib</file>
         <name>int34.obj</name>
      </input_file>
      <input_file id="fl-34">
         <path>/home/user/ti/ccsv6/tools/compiler/msp430_15.12.3.LTS/lib/</path>
         <kind>archive</kind>
         <file>rts430x_lc_sd_eabi.lib</file>
         <name>int35.obj</name>
      </input_file>
      <input_file id="fl-35">
         <path>/home/user/ti/ccsv6/tools/compiler/msp430_15.12.3.LTS/lib/</path>
         <kind>archive</kind>
         <file>rts430x_lc_sd_eabi.lib</file>
         <name>int36.obj</name>
      </input_file>
      <input_file id="fl-36">
         <path>/home/user/ti/ccsv6/tools/compiler/msp430_15.12.3.LTS/lib/</path>
         <kind>archive</kind>
         <file>rts430x_lc_sd_eabi.lib</file>
         <name>int38.obj</name>
      </input_file>
      <input_file id="fl-37">
         <path>/home/user/ti/ccsv6/tools/compiler/msp430_15.12.3.LTS/lib/</path>
         <kind>archive</kind>
         <file>rts430x_lc_sd_eabi.lib</file>
         <name>int40.obj</name>
      </input_file>
      <input_file id="fl-38">
         <path>/home/user/ti/ccsv6/tools/compiler/msp430_15.12.3.LTS/lib/</path>
         <kind>archive</kind>
         <file>rts430x_lc_sd_eabi.lib</file>
         <name>int41.obj</name>
      </input_file>
      <input_file id="fl-39">
         <path>/home/user/ti/ccsv6/tools/compiler/msp430_15.12.3.LTS/lib/</path>
         <kind>archive</kind>
         <file>rts430x_lc_sd_eabi.lib</file>
         <name>int42.obj</name>
      </input_file>
      <input_file id="fl-3a">
         <path>/home/user/ti/ccsv6/tools/compiler/msp430_15.12.3.LTS/lib/</path>
         <kind>archive</kind>
         <file>rts430x_lc_sd_eabi.lib</file>
         <name>int43.obj</name>
      </input_file>
      <input_file id="fl-3b">
         <path>/home/user/ti/ccsv6/tools/compiler/msp430_15.12.3.LTS/lib/</path>
         <kind>archive</kind>
         <file>rts430x_lc_sd_eabi.lib</file>
         <name>int45.obj</name>
      </input_file>
      <input_file id="fl-3c">
         <path>/home/user/ti/ccsv6/tools/compiler/msp430_15.12.3.LTS/lib/</path>
         <kind>archive</kind>
         <file>rts430x_lc_sd_eabi.lib</file>
         <name>int47.obj</name>
      </input_file>
      <input_file id="fl-3d">
         <path>/home/user/ti/ccsv6/tools/compiler/msp430_15.12.3.LTS/lib/</path>
         <kind>archive</kind>
         <file>rts430x_lc_sd_eabi.lib</file>
         <name>int49.obj</name>
      </input_file>
      <input_file id="fl-3e">
         <path>/home/user/ti/ccsv6/tools/compiler/msp430_15.12.3.LTS/lib/</path>
         <kind>archive</kind>
         <file>rts430x_lc_sd_eabi.lib</file>
         <name>int50.obj</name>
      </input_file>
      <input_file id="fl-3f">
         <path>/home/user/ti/ccsv6/tools/compiler/msp430_15.12.3.LTS/lib/</path>
         <kind>archive</kind>
         <file>rts430x_lc_sd_eabi.lib</file>
         <name>int51.obj</name>
      </input_file>
      <input_file id="fl-40">
         <path>/home/user/ti/ccsv6/tools/compiler/msp430_15.12.3.LTS/lib/</path>
         <kind>archive</kind>
         <file>rts430x_lc_sd_eabi.lib</file>
         <name>int52.obj</name>
      </input_file>
      <input_file id="fl-41">
         <path>/home/user/ti/ccsv6/tools/compiler/msp430_15.12.3.LTS/lib/</path>
         <kind>archive</kind>
         <file>rts430x_lc_sd_eabi.lib</file>
         <name>int53.obj</name>
      </input_file>
      <input_file id="fl-42">
         <path>/home/user/ti/ccsv6/tools/compiler/msp430_15.12.3.LTS/lib/</path>
         <kind>archive</kind>
         <file>rts430x_lc_sd_eabi.lib</file>
         <name>int54.obj</name>
      </input_file>
      <input_file id="fl-43">
         <path>/home/user/ti/ccsv6/tools/compiler/msp430_15.12.3.LTS/lib/</path>
         <kind>archive</kind>
         <file>rts430x_lc_sd_eabi.lib</file>
         <name>isr_trap.obj</name>
      </input_file>
      <input_file id="fl-44">
         <path>/home/user/ti/ccsv6/tools/compiler/msp430_15.12.3.LTS/lib/</path>
         <kind>archive</kind>
         <file>rts430x_lc_sd_eabi.lib</file>
         <name>mpu_init.obj</name>
      </input_file>
      <input_file id="fl-45">
         <path>/home/user/ti/ccsv6/tools/compiler/msp430_15.12.3.LTS/lib/</path>
         <kind>archive</kind>
         <file>rts430x_lc_sd_eabi.lib</file>
         <name>mult1632_f5hw.obj</name>
      </input_file>
      <input_file id="fl-46">
         <path>/home/user/ti/ccsv6/tools/compiler/msp430_15.12.3.LTS/lib/</path>
         <kind>archive</kind>
         <file>rts430x_lc_sd_eabi.lib</file>
         <name>mult16_f5hw.obj</name>
      </input_file>
      <input_file id="fl-47">
         <path>/home/user/ti/ccsv6/tools/compiler/msp430_15.12.3.LTS/lib/</path>
         <kind>archive</kind>
         <file>rts430x_lc_sd_eabi.lib</file>
         <name>mult3264_f5hw.obj</name>
      </input_file>
      <input_file id="fl-48">
         <path>/home/user/ti/ccsv6/tools/compiler/msp430_15.12.3.LTS/lib/</path>
         <kind>archive</kind>
         <file>rts430x_lc_sd_eabi.lib</file>
         <name>mult32_f5hw.obj</name>
      </input_file>
      <input_file id="fl-49">
         <path>/home/user/ti/ccsv6/tools/compiler/msp430_15.12.3.LTS/lib/</path>
         <kind>archive</kind>
         <file>rts430x_lc_sd_eabi.lib</file>
         <name>mult64_f5hw.obj</name>
      </input_file>
      <input_file id="fl-4a">
         <path>/home/user/ti/ccsv6/tools/compiler/msp430_15.12.3.LTS/lib/</path>
         <kind>archive</kind>
         <file>rts430x_lc_sd_eabi.lib</file>
         <name>pre_init.obj</name>
      </input_file>
      <input_file id="fl-4b">
         <path>/home/user/ti/ccsv6/tools/compiler/msp430_15.12.3.LTS/lib/</path>
         <kind>archive</kind>
         <file>rts430x_lc_sd_eabi.lib</file>
         <name>_lock.obj</name>
      </input_file>
      <input_file id="fl-4c">
         <path>/home/user/ti/ccsv6/tools/compiler/msp430_15.12.3.LTS/lib/</path>
         <kind>archive</kind>
         <file>rts430x_lc_sd_eabi.lib</file>
         <name>args_main.obj</name>
      </input_file>
      <input_file id="fl-4d">
         <path>/home/user/ti/ccsv6/tools/compiler/msp430_15.12.3.LTS/lib/</path>
         <kind>archive</kind>
         <file>rts430x_lc_sd_eabi.lib</file>
         <name>autoinit_wdt.obj</name>
      </input_file>
      <input_file id="fl-4e">
         <path>/home/user/ti/ccsv6/tools/compiler/msp430_15.12.3.LTS/lib/</path>
         <kind>archive</kind>
         <file>rts430x_lc_sd_eabi.lib</file>
         <name>cpy_tbl.obj</name>
      </input_file>
      <input_file id="fl-4f">
         <path>/home/user/ti/ccsv6/tools/compiler/msp430_15.12.3.LTS/lib/</path>
         <kind>archive</kind>
         <file>rts430x_lc_sd_eabi.lib</file>
         <name>memcpy.obj</name>
      </input_file>
      <input_file id="fl-50">
         <path>/home/user/ti/ccsv6/tools/compiler/msp430_15.12.3.LTS/lib/</path>
         <kind>archive</kind>
         <file>rts430x_lc_sd_eabi.lib</file>
         <name>mult16.obj</name>
      </input_file>
      <input_file id="fl-51">
         <path>/home/user/ti/ccsv6/tools/compiler/msp430_15.12.3.LTS/lib/</path>
         <kind>archive</kind>
         <file>rts430x_lc_sd_eabi.lib</file>
         <name>startup.obj</name>
      </input_file>
   </input_file_list>
   <object_component_list>
      <object_component id="oc-8ab">
         <name>.cinit..bss.load</name>
         <load_address>0x4400</load_address>
         <run_address>0x4400</run_address>
         <size>0x9</size>
      </object_component>
      <object_component id="oc-8ac">
         <name>.cinit..data.load</name>
         <load_address>0x440a</load_address>
         <run_address>0x440a</run_address>
         <size>0x9</size>
      </object_component>
      <object_component id="oc-8a9">
         <name>__TI_handler_table</name>
         <load_address>0x4414</load_address>
         <run_address>0x4414</run_address>
         <size>0x8</size>
      </object_component>
      <object_component id="oc-8aa">
         <name>__TI_cinit_table</name>
         <load_address>0x441c</load_address>
         <run_address>0x441c</run_address>
         <size>0x10</size>
      </object_component>
      <object_component id="oc-7d5">
         <name>.const:.string:Table</name>
         <load_address>0x442c</load_address>
         <run_address>0x442c</run_address>
         <size>0x10</size>
         <input_file_ref idref="fl-5"/>
      </object_component>
      <object_component id="oc-775">
         <name>.const:.string:lcd_num</name>
         <load_address>0x443c</load_address>
         <run_address>0x443c</run_address>
         <size>0xa</size>
         <input_file_ref idref="fl-4"/>
      </object_component>
      <object_component id="oc-778">
         <name>.const:.string:lcd_small_num</name>
         <load_address>0x4446</load_address>
         <run_address>0x4446</run_address>
         <size>0xa</size>
         <input_file_ref idref="fl-4"/>
      </object_component>
      <object_component id="oc-75b">
         <name>.text:ReCalScanIF</name>
         <load_address>0x4800</load_address>
         <run_address>0x4800</run_address>
         <size>0x234</size>
         <input_file_ref idref="fl-5"/>
      </object_component>
      <object_component id="oc-7d8">
         <name>.text:TSM_Auto_cal</name>
         <load_address>0x4a34</load_address>
         <run_address>0x4a34</run_address>
         <size>0x21a</size>
         <input_file_ref idref="fl-5"/>
      </object_component>
      <object_component id="oc-68e">
         <name>.text:_isr:ISR_ESCAN_IF</name>
         <load_address>0x4c4e</load_address>
         <run_address>0x4c4e</run_address>
         <size>0x1b4</size>
         <input_file_ref idref="fl-6"/>
      </object_component>
      <object_component id="oc-6ba">
         <name>.text:main</name>
         <load_address>0x4e02</load_address>
         <run_address>0x4e02</run_address>
         <size>0x160</size>
         <input_file_ref idref="fl-6"/>
      </object_component>
      <object_component id="oc-74f">
         <name>.text:InitScanIF</name>
         <load_address>0x4f62</load_address>
         <run_address>0x4f62</run_address>
         <size>0x142</size>
         <input_file_ref idref="fl-5"/>
      </object_component>
      <object_component id="oc-7e4">
         <name>.text:Set_DAC</name>
         <load_address>0x50a4</load_address>
         <run_address>0x50a4</run_address>
         <size>0x102</size>
         <input_file_ref idref="fl-5"/>
      </object_component>
      <object_component id="oc-6fd">
         <name>.text:lcd_display_num</name>
         <load_address>0x51a6</load_address>
         <run_address>0x51a6</run_address>
         <size>0xee</size>
         <input_file_ref idref="fl-4"/>
      </object_component>
      <object_component id="oc-664">
         <name>.text:__TI_decompress_rle_core</name>
         <load_address>0x5294</load_address>
         <run_address>0x5294</run_address>
         <size>0xd6</size>
         <input_file_ref idref="fl-25"/>
      </object_component>
      <object_component id="oc-830">
         <name>.text:FindDAC_Fast_Range</name>
         <load_address>0x536a</load_address>
         <run_address>0x536a</run_address>
         <size>0xca</size>
         <input_file_ref idref="fl-5"/>
      </object_component>
      <object_component id="oc-710">
         <name>.text:copy_in</name>
         <load_address>0x5434</load_address>
         <run_address>0x5434</run_address>
         <size>0xb2</size>
         <input_file_ref idref="fl-4e"/>
      </object_component>
      <object_component id="oc-6a0">
         <name>.text:_auto_init_hold_wdt</name>
         <load_address>0x54e6</load_address>
         <run_address>0x54e6</run_address>
         <size>0x96</size>
         <input_file_ref idref="fl-4d"/>
      </object_component>
      <object_component id="oc-7de">
         <name>.text:Find_Noise_level</name>
         <load_address>0x557c</load_address>
         <run_address>0x557c</run_address>
         <size>0x8c</size>
         <input_file_ref idref="fl-5"/>
      </object_component>
      <object_component id="oc-737">
         <name>.text:Port_Init</name>
         <load_address>0x5608</load_address>
         <run_address>0x5608</run_address>
         <size>0x84</size>
         <input_file_ref idref="fl-6"/>
      </object_component>
      <object_component id="oc-839">
         <name>.text:FindDAC_Fast_Successive</name>
         <load_address>0x568c</load_address>
         <run_address>0x568c</run_address>
         <size>0x7c</size>
         <input_file_ref idref="fl-5"/>
      </object_component>
      <object_component id="oc-825">
         <name>.text:FindDAC</name>
         <load_address>0x5708</load_address>
         <run_address>0x5708</run_address>
         <size>0x7a</size>
         <input_file_ref idref="fl-5"/>
      </object_component>
      <object_component id="oc-749">
         <name>.text:EsioscInit</name>
         <load_address>0x5782</load_address>
         <run_address>0x5782</run_address>
         <size>0x70</size>
         <input_file_ref idref="fl-2"/>
      </object_component>
      <object_component id="oc-7ee">
         <name>.text:AFE2_FindDAC_Fast_Successive</name>
         <load_address>0x57f2</load_address>
         <run_address>0x57f2</run_address>
         <size>0x6c</size>
         <input_file_ref idref="fl-5"/>
      </object_component>
      <object_component id="oc-688">
         <name>.text:_isr:USCI_B0_ISR</name>
         <load_address>0x585e</load_address>
         <run_address>0x585e</run_address>
         <size>0x62</size>
         <input_file_ref idref="fl-3"/>
      </object_component>
      <object_component id="oc-658">
         <name>.text:__memcpy_far</name>
         <load_address>0x58c0</load_address>
         <run_address>0x58c0</run_address>
         <size>0x40</size>
         <input_file_ref idref="fl-27"/>
      </object_component>
      <object_component id="oc-73">
         <name>.text:decompress:none:__TI_decompress_none</name>
         <load_address>0x5900</load_address>
         <run_address>0x5900</run_address>
         <size>0x3c</size>
         <input_file_ref idref="fl-24"/>
      </object_component>
      <object_component id="oc-6e0">
         <name>.text:Set_IIC</name>
         <load_address>0x593c</load_address>
         <run_address>0x593c</run_address>
         <size>0x38</size>
         <input_file_ref idref="fl-3"/>
      </object_component>
      <object_component id="oc-676">
         <name>.text:_isr:PORT1_ISR</name>
         <load_address>0x5974</load_address>
         <run_address>0x5974</run_address>
         <size>0x38</size>
         <input_file_ref idref="fl-6"/>
      </object_component>
      <object_component id="oc-6f7">
         <name>.text:IIC_RX</name>
         <load_address>0x59ac</load_address>
         <run_address>0x59ac</run_address>
         <size>0x32</size>
         <input_file_ref idref="fl-3"/>
      </object_component>
      <object_component id="oc-708">
         <name>.text:IIC_TX</name>
         <load_address>0x59de</load_address>
         <run_address>0x59de</run_address>
         <size>0x32</size>
         <input_file_ref idref="fl-3"/>
      </object_component>
      <object_component id="oc-73d">
         <name>.text:Set_Clock</name>
         <load_address>0x5a10</load_address>
         <run_address>0x5a10</run_address>
         <size>0x32</size>
         <input_file_ref idref="fl-6"/>
      </object_component>
      <object_component id="oc-743">
         <name>.text:init_LCD</name>
         <load_address>0x5a42</load_address>
         <run_address>0x5a42</run_address>
         <size>0x2e</size>
         <input_file_ref idref="fl-4"/>
      </object_component>
      <object_component id="oc-703">
         <name>.text</name>
         <load_address>0x5a70</load_address>
         <run_address>0x5a70</run_address>
         <size>0x2c</size>
         <input_file_ref idref="fl-28"/>
      </object_component>
      <object_component id="oc-7bc">
         <name>.text:MeasureEsiosc_Oversampling</name>
         <load_address>0x5a9c</load_address>
         <run_address>0x5a9c</run_address>
         <size>0x28</size>
         <input_file_ref idref="fl-2"/>
      </object_component>
      <object_component id="oc-682">
         <name>.text:_isr:Timer_A</name>
         <load_address>0x5ac4</load_address>
         <run_address>0x5ac4</run_address>
         <size>0x28</size>
         <input_file_ref idref="fl-6"/>
      </object_component>
      <object_component id="oc-819">
         <name>.text:EsioscMeasure</name>
         <load_address>0x5aec</load_address>
         <run_address>0x5aec</run_address>
         <size>0x1a</size>
         <input_file_ref idref="fl-2"/>
      </object_component>
      <object_component id="oc-b9">
         <name>.text:_isr:_c_int00_noargs_noexit</name>
         <load_address>0x5b06</load_address>
         <run_address>0x5b06</run_address>
         <size>0x1a</size>
         <input_file_ref idref="fl-23"/>
      </object_component>
      <object_component id="oc-784">
         <name>.text</name>
         <load_address>0x5b20</load_address>
         <run_address>0x5b20</run_address>
         <size>0x18</size>
         <input_file_ref idref="fl-46"/>
      </object_component>
      <object_component id="oc-67c">
         <name>.text:_isr:Timer1_A</name>
         <load_address>0x5b38</load_address>
         <run_address>0x5b38</run_address>
         <size>0x16</size>
         <input_file_ref idref="fl-6"/>
      </object_component>
      <object_component id="oc-77d">
         <name>.text</name>
         <load_address>0x5b4e</load_address>
         <run_address>0x5b4e</run_address>
         <size>0x16</size>
         <input_file_ref idref="fl-29"/>
      </object_component>
      <object_component id="oc-7c8">
         <name>.text:setESICLKFQ</name>
         <load_address>0x5b64</load_address>
         <run_address>0x5b64</run_address>
         <size>0x16</size>
         <input_file_ref idref="fl-2"/>
      </object_component>
      <object_component id="oc-765">
         <name>.text:Set_IIC_Timeout</name>
         <load_address>0x5b7a</load_address>
         <run_address>0x5b7a</run_address>
         <size>0x14</size>
         <input_file_ref idref="fl-3"/>
      </object_component>
      <object_component id="oc-755">
         <name>.text:Set_Timer_A</name>
         <load_address>0x5b8e</load_address>
         <run_address>0x5b8e</run_address>
         <size>0x14</size>
         <input_file_ref idref="fl-6"/>
      </object_component>
      <object_component id="oc-789">
         <name>.text:memcpy</name>
         <load_address>0x5ba2</load_address>
         <run_address>0x5ba2</run_address>
         <size>0x12</size>
         <input_file_ref idref="fl-4f"/>
      </object_component>
      <object_component id="oc-7c2">
         <name>.text:getESICLKFQ</name>
         <load_address>0x5bb4</load_address>
         <run_address>0x5bb4</run_address>
         <size>0x10</size>
         <input_file_ref idref="fl-2"/>
      </object_component>
      <object_component id="oc-79">
         <name>.text:decompress:rle24:__TI_decompress_rle24</name>
         <load_address>0x5bc4</load_address>
         <run_address>0x5bc4</run_address>
         <size>0xe</size>
         <input_file_ref idref="fl-25"/>
      </object_component>
      <object_component id="oc-7ce">
         <name>.text:abs</name>
         <load_address>0x5bd2</load_address>
         <run_address>0x5bd2</run_address>
         <size>0xa</size>
         <input_file_ref idref="fl-21"/>
      </object_component>
      <object_component id="oc-671">
         <name>.text:_isr:__TI_ISR_TRAP</name>
         <load_address>0x5bdc</load_address>
         <run_address>0x5bdc</run_address>
         <size>0x8</size>
         <input_file_ref idref="fl-43"/>
      </object_component>
      <object_component id="oc-6c2">
         <name>.text:abort</name>
         <load_address>0x5be4</load_address>
         <run_address>0x5be4</run_address>
         <size>0x6</size>
         <input_file_ref idref="fl-2a"/>
      </object_component>
      <object_component id="oc-69a">
         <name>.text:_system_pre_init</name>
         <load_address>0x5bea</load_address>
         <run_address>0x5bea</run_address>
         <size>0x4</size>
         <input_file_ref idref="fl-4a"/>
      </object_component>
      <object_component id="oc-716">
         <name>.text:_system_post_cinit</name>
         <load_address>0x5bee</load_address>
         <run_address>0x5bee</run_address>
         <size>0x2</size>
         <input_file_ref idref="fl-51"/>
      </object_component>
      <object_component id="oc-6f0">
         <name>.common:Master_RXData</name>
         <uninitialized>true</uninitialized>
         <run_address>0x1c00</run_address>
         <size>0x6</size>
      </object_component>
      <object_component id="oc-6ee">
         <name>.common:TXData</name>
         <uninitialized>true</uninitialized>
         <run_address>0x1c06</run_address>
         <size>0x6</size>
      </object_component>
      <object_component id="oc-6eb">
         <name>.common:TXByteCtr</name>
         <uninitialized>true</uninitialized>
         <run_address>0x1c2e</run_address>
         <size>0x1</size>
      </object_component>
      <object_component id="oc-6ef">
         <name>.common:RXByteCtr</name>
         <uninitialized>true</uninitialized>
         <run_address>0x1c2c</run_address>
         <size>0x1</size>
      </object_component>
      <object_component id="oc-7ec">
         <name>.common:AFE1_base0</name>
         <uninitialized>true</uninitialized>
         <run_address>0x1c0c</run_address>
         <size>0x2</size>
      </object_component>
      <object_component id="oc-7ed">
         <name>.common:AFE1_base1</name>
         <uninitialized>true</uninitialized>
         <run_address>0x1c0e</run_address>
         <size>0x2</size>
      </object_component>
      <object_component id="oc-7f4">
         <name>.common:AFE2_base0</name>
         <uninitialized>true</uninitialized>
         <run_address>0x1c10</run_address>
         <size>0x2</size>
      </object_component>
      <object_component id="oc-7f5">
         <name>.common:AFE2_base1</name>
         <uninitialized>true</uninitialized>
         <run_address>0x1c16</run_address>
         <size>0x2</size>
      </object_component>
      <object_component id="oc-7f6">
         <name>.common:AFE2_base0_Max</name>
         <uninitialized>true</uninitialized>
         <run_address>0x1c12</run_address>
         <size>0x2</size>
      </object_component>
      <object_component id="oc-7f7">
         <name>.common:AFE2_base0_Min</name>
         <uninitialized>true</uninitialized>
         <run_address>0x1c14</run_address>
         <size>0x2</size>
      </object_component>
      <object_component id="oc-7f8">
         <name>.common:AFE2_base1_Max</name>
         <uninitialized>true</uninitialized>
         <run_address>0x1c18</run_address>
         <size>0x2</size>
      </object_component>
      <object_component id="oc-7f9">
         <name>.common:AFE2_base1_Min</name>
         <uninitialized>true</uninitialized>
         <run_address>0x1c1a</run_address>
         <size>0x2</size>
      </object_component>
      <object_component id="oc-7fa">
         <name>.common:New_level</name>
         <uninitialized>true</uninitialized>
         <run_address>0x1c26</run_address>
         <size>0x2</size>
      </object_component>
      <object_component id="oc-7fb">
         <name>.common:Delta</name>
         <uninitialized>true</uninitialized>
         <run_address>0x1c1c</run_address>
         <size>0x2</size>
      </object_component>
      <object_component id="oc-837">
         <name>.common:Threshold_h1</name>
         <uninitialized>true</uninitialized>
         <run_address>0x1c2a</run_address>
         <size>0x2</size>
      </object_component>
      <object_component id="oc-836">
         <name>.common:Threshold_h0</name>
         <uninitialized>true</uninitialized>
         <run_address>0x1c28</run_address>
         <size>0x2</size>
      </object_component>
      <object_component id="oc-82e">
         <name>.common:Max_DAC_Ch0</name>
         <uninitialized>true</uninitialized>
         <run_address>0x1c1e</run_address>
         <size>0x2</size>
      </object_component>
      <object_component id="oc-82f">
         <name>.common:Max_DAC_Ch1</name>
         <uninitialized>true</uninitialized>
         <run_address>0x1c20</run_address>
         <size>0x2</size>
      </object_component>
      <object_component id="oc-82c">
         <name>.common:Min_DAC_Ch0</name>
         <uninitialized>true</uninitialized>
         <run_address>0x1c22</run_address>
         <size>0x2</size>
      </object_component>
      <object_component id="oc-82d">
         <name>.common:Min_DAC_Ch1</name>
         <uninitialized>true</uninitialized>
         <run_address>0x1c24</run_address>
         <size>0x2</size>
      </object_component>
      <object_component id="oc-6e7">
         <name>.common:ReCal_Flag</name>
         <uninitialized>true</uninitialized>
         <run_address>0x1c2d</run_address>
         <size>0x1</size>
      </object_component>
      <object_component id="oc-6f4">
         <name>.data</name>
         <load_address>0x1c3e</load_address>
         <run_address>0x1c3e</run_address>
         <size>0xa</size>
         <input_file_ref idref="fl-5"/>
      </object_component>
      <object_component id="oc-6dc">
         <name>.data</name>
         <load_address>0x1c30</load_address>
         <run_address>0x1c30</run_address>
         <size>0xe</size>
         <input_file_ref idref="fl-6"/>
      </object_component>
      <object_component id="oc-654">
         <name>.stack</name>
         <uninitialized>true</uninitialized>
         <run_address>0x2360</run_address>
         <size>0x2</size>
         <input_file_ref idref="fl-22"/>
      </object_component>
      <object_component id="oc-8ad">
         <name>.stack</name>
         <uninitialized>true</uninitialized>
         <run_address>0x2360</run_address>
         <size>0x0</size>
      </object_component>
      <object_component id="oc-7f">
         <name>.int27</name>
         <load_address>0xffc6</load_address>
         <run_address>0xffc6</run_address>
         <size>0x2</size>
         <input_file_ref idref="fl-2c"/>
      </object_component>
      <object_component id="oc-80">
         <name>.int28</name>
         <load_address>0xffc8</load_address>
         <run_address>0xffc8</run_address>
         <size>0x2</size>
         <input_file_ref idref="fl-2d"/>
      </object_component>
      <object_component id="oc-81">
         <name>.int29</name>
         <load_address>0xffca</load_address>
         <run_address>0xffca</run_address>
         <size>0x2</size>
         <input_file_ref idref="fl-2e"/>
      </object_component>
      <object_component id="oc-82">
         <name>.int30</name>
         <load_address>0xffcc</load_address>
         <run_address>0xffcc</run_address>
         <size>0x2</size>
         <input_file_ref idref="fl-2f"/>
      </object_component>
      <object_component id="oc-83">
         <name>.int31</name>
         <load_address>0xffce</load_address>
         <run_address>0xffce</run_address>
         <size>0x2</size>
         <input_file_ref idref="fl-30"/>
      </object_component>
      <object_component id="oc-84">
         <name>.int32</name>
         <load_address>0xffd0</load_address>
         <run_address>0xffd0</run_address>
         <size>0x2</size>
         <input_file_ref idref="fl-31"/>
      </object_component>
      <object_component id="oc-85">
         <name>.int33</name>
         <load_address>0xffd2</load_address>
         <run_address>0xffd2</run_address>
         <size>0x2</size>
         <input_file_ref idref="fl-32"/>
      </object_component>
      <object_component id="oc-86">
         <name>.int34</name>
         <load_address>0xffd4</load_address>
         <run_address>0xffd4</run_address>
         <size>0x2</size>
         <input_file_ref idref="fl-33"/>
      </object_component>
      <object_component id="oc-87">
         <name>.int35</name>
         <load_address>0xffd6</load_address>
         <run_address>0xffd6</run_address>
         <size>0x2</size>
         <input_file_ref idref="fl-34"/>
      </object_component>
      <object_component id="oc-88">
         <name>.int36</name>
         <load_address>0xffd8</load_address>
         <run_address>0xffd8</run_address>
         <size>0x2</size>
         <input_file_ref idref="fl-35"/>
      </object_component>
      <object_component id="oc-89">
         <name>.int37</name>
         <load_address>0xffda</load_address>
         <run_address>0xffda</run_address>
         <size>0x2</size>
         <input_file_ref idref="fl-6"/>
      </object_component>
      <object_component id="oc-8a">
         <name>.int38</name>
         <load_address>0xffdc</load_address>
         <run_address>0xffdc</run_address>
         <size>0x2</size>
         <input_file_ref idref="fl-36"/>
      </object_component>
      <object_component id="oc-8b">
         <name>.int39</name>
         <load_address>0xffde</load_address>
         <run_address>0xffde</run_address>
         <size>0x2</size>
         <input_file_ref idref="fl-6"/>
      </object_component>
      <object_component id="oc-8c">
         <name>.int40</name>
         <load_address>0xffe0</load_address>
         <run_address>0xffe0</run_address>
         <size>0x2</size>
         <input_file_ref idref="fl-37"/>
      </object_component>
      <object_component id="oc-8d">
         <name>.int41</name>
         <load_address>0xffe2</load_address>
         <run_address>0xffe2</run_address>
         <size>0x2</size>
         <input_file_ref idref="fl-38"/>
      </object_component>
      <object_component id="oc-8e">
         <name>.int42</name>
         <load_address>0xffe4</load_address>
         <run_address>0xffe4</run_address>
         <size>0x2</size>
         <input_file_ref idref="fl-39"/>
      </object_component>
      <object_component id="oc-8f">
         <name>.int43</name>
         <load_address>0xffe6</load_address>
         <run_address>0xffe6</run_address>
         <size>0x2</size>
         <input_file_ref idref="fl-3a"/>
      </object_component>
      <object_component id="oc-90">
         <name>.int44</name>
         <load_address>0xffe8</load_address>
         <run_address>0xffe8</run_address>
         <size>0x2</size>
         <input_file_ref idref="fl-6"/>
      </object_component>
      <object_component id="oc-91">
         <name>.int45</name>
         <load_address>0xffea</load_address>
         <run_address>0xffea</run_address>
         <size>0x2</size>
         <input_file_ref idref="fl-3b"/>
      </object_component>
      <object_component id="oc-92">
         <name>.int46</name>
         <load_address>0xffec</load_address>
         <run_address>0xffec</run_address>
         <size>0x2</size>
         <input_file_ref idref="fl-3"/>
      </object_component>
      <object_component id="oc-93">
         <name>.int47</name>
         <load_address>0xffee</load_address>
         <run_address>0xffee</run_address>
         <size>0x2</size>
         <input_file_ref idref="fl-3c"/>
      </object_component>
      <object_component id="oc-94">
         <name>.int48</name>
         <load_address>0xfff0</load_address>
         <run_address>0xfff0</run_address>
         <size>0x2</size>
         <input_file_ref idref="fl-6"/>
      </object_component>
      <object_component id="oc-95">
         <name>.int49</name>
         <load_address>0xfff2</load_address>
         <run_address>0xfff2</run_address>
         <size>0x2</size>
         <input_file_ref idref="fl-3d"/>
      </object_component>
      <object_component id="oc-96">
         <name>.int50</name>
         <load_address>0xfff4</load_address>
         <run_address>0xfff4</run_address>
         <size>0x2</size>
         <input_file_ref idref="fl-3e"/>
      </object_component>
      <object_component id="oc-97">
         <name>.int51</name>
         <load_address>0xfff6</load_address>
         <run_address>0xfff6</run_address>
         <size>0x2</size>
         <input_file_ref idref="fl-3f"/>
      </object_component>
      <object_component id="oc-98">
         <name>.int52</name>
         <load_address>0xfff8</load_address>
         <run_address>0xfff8</run_address>
         <size>0x2</size>
         <input_file_ref idref="fl-40"/>
      </object_component>
      <object_component id="oc-99">
         <name>.int53</name>
         <load_address>0xfffa</load_address>
         <run_address>0xfffa</run_address>
         <size>0x2</size>
         <input_file_ref idref="fl-41"/>
      </object_component>
      <object_component id="oc-9a">
         <name>.int54</name>
         <load_address>0xfffc</load_address>
         <run_address>0xfffc</run_address>
         <size>0x2</size>
         <input_file_ref idref="fl-42"/>
      </object_component>
      <object_component id="oc-657">
         <name>.reset</name>
         <load_address>0xfffe</load_address>
         <run_address>0xfffe</run_address>
         <size>0x2</size>
         <input_file_ref idref="fl-22"/>
      </object_component>
      <object_component id="oc-7c3">
         <name>.debug_info</name>
         <load_address>0x0</load_address>
         <run_address>0x0</run_address>
         <size>0x132</size>
         <input_file_ref idref="fl-2"/>
      </object_component>
      <object_component id="oc-7c9">
         <name>.debug_info</name>
         <load_address>0x132</load_address>
         <run_address>0x132</run_address>
         <size>0x15c</size>
         <input_file_ref idref="fl-2"/>
      </object_component>
      <object_component id="oc-7bd">
         <name>.debug_info</name>
         <load_address>0x28e</load_address>
         <run_address>0x28e</run_address>
         <size>0x1a0</size>
         <input_file_ref idref="fl-2"/>
      </object_component>
      <object_component id="oc-81a">
         <name>.debug_info</name>
         <load_address>0x42e</load_address>
         <run_address>0x42e</run_address>
         <size>0x136</size>
         <input_file_ref idref="fl-2"/>
      </object_component>
      <object_component id="oc-74a">
         <name>.debug_info</name>
         <load_address>0x564</load_address>
         <run_address>0x564</run_address>
         <size>0x27b</size>
         <input_file_ref idref="fl-2"/>
      </object_component>
      <object_component id="oc-6d0">
         <name>.debug_info</name>
         <load_address>0x7df</load_address>
         <run_address>0x7df</run_address>
         <size>0x84</size>
         <input_file_ref idref="fl-2"/>
      </object_component>
      <object_component id="oc-6ec">
         <name>.debug_info</name>
         <load_address>0x863</load_address>
         <run_address>0x863</run_address>
         <size>0x438</size>
         <input_file_ref idref="fl-3"/>
      </object_component>
      <object_component id="oc-766">
         <name>.debug_info</name>
         <load_address>0xc9b</load_address>
         <run_address>0xc9b</run_address>
         <size>0x110</size>
         <input_file_ref idref="fl-3"/>
      </object_component>
      <object_component id="oc-6e1">
         <name>.debug_info</name>
         <load_address>0xdab</load_address>
         <run_address>0xdab</run_address>
         <size>0x116</size>
         <input_file_ref idref="fl-3"/>
      </object_component>
      <object_component id="oc-709">
         <name>.debug_info</name>
         <load_address>0xec1</load_address>
         <run_address>0xec1</run_address>
         <size>0x120</size>
         <input_file_ref idref="fl-3"/>
      </object_component>
      <object_component id="oc-6f8">
         <name>.debug_info</name>
         <load_address>0xfe1</load_address>
         <run_address>0xfe1</run_address>
         <size>0xfe</size>
         <input_file_ref idref="fl-3"/>
      </object_component>
      <object_component id="oc-689">
         <name>.debug_info</name>
         <load_address>0x10df</load_address>
         <run_address>0x10df</run_address>
         <size>0x125</size>
         <input_file_ref idref="fl-3"/>
      </object_component>
      <object_component id="oc-77c">
         <name>.debug_info</name>
         <load_address>0x1204</load_address>
         <run_address>0x1204</run_address>
         <size>0x329</size>
         <input_file_ref idref="fl-4"/>
      </object_component>
      <object_component id="oc-776">
         <name>.debug_info</name>
         <load_address>0x152d</load_address>
         <run_address>0x152d</run_address>
         <size>0xd8</size>
         <input_file_ref idref="fl-4"/>
      </object_component>
      <object_component id="oc-779">
         <name>.debug_info</name>
         <load_address>0x1605</load_address>
         <run_address>0x1605</run_address>
         <size>0xe4</size>
         <input_file_ref idref="fl-4"/>
      </object_component>
      <object_component id="oc-744">
         <name>.debug_info</name>
         <load_address>0x16e9</load_address>
         <run_address>0x16e9</run_address>
         <size>0x102</size>
         <input_file_ref idref="fl-4"/>
      </object_component>
      <object_component id="oc-6fe">
         <name>.debug_info</name>
         <load_address>0x17eb</load_address>
         <run_address>0x17eb</run_address>
         <size>0x296</size>
         <input_file_ref idref="fl-4"/>
      </object_component>
      <object_component id="oc-6f1">
         <name>.debug_info</name>
         <load_address>0x1a81</load_address>
         <run_address>0x1a81</run_address>
         <size>0x9e4</size>
         <input_file_ref idref="fl-5"/>
      </object_component>
      <object_component id="oc-7d6">
         <name>.debug_info</name>
         <load_address>0x2465</load_address>
         <run_address>0x2465</run_address>
         <size>0xd7</size>
         <input_file_ref idref="fl-5"/>
      </object_component>
      <object_component id="oc-6f5">
         <name>.debug_info</name>
         <load_address>0x253c</load_address>
         <run_address>0x253c</run_address>
         <size>0x189</size>
         <input_file_ref idref="fl-5"/>
      </object_component>
      <object_component id="oc-826">
         <name>.debug_info</name>
         <load_address>0x26c5</load_address>
         <run_address>0x26c5</run_address>
         <size>0x14c</size>
         <input_file_ref idref="fl-5"/>
      </object_component>
      <object_component id="oc-83a">
         <name>.debug_info</name>
         <load_address>0x2811</load_address>
         <run_address>0x2811</run_address>
         <size>0x235</size>
         <input_file_ref idref="fl-5"/>
      </object_component>
      <object_component id="oc-831">
         <name>.debug_info</name>
         <load_address>0x2a46</load_address>
         <run_address>0x2a46</run_address>
         <size>0x223</size>
         <input_file_ref idref="fl-5"/>
      </object_component>
      <object_component id="oc-7d9">
         <name>.debug_info</name>
         <load_address>0x2c69</load_address>
         <run_address>0x2c69</run_address>
         <size>0x211</size>
         <input_file_ref idref="fl-5"/>
      </object_component>
      <object_component id="oc-7df">
         <name>.debug_info</name>
         <load_address>0x2e7a</load_address>
         <run_address>0x2e7a</run_address>
         <size>0x158</size>
         <input_file_ref idref="fl-5"/>
      </object_component>
      <object_component id="oc-7e5">
         <name>.debug_info</name>
         <load_address>0x2fd2</load_address>
         <run_address>0x2fd2</run_address>
         <size>0x14b</size>
         <input_file_ref idref="fl-5"/>
      </object_component>
      <object_component id="oc-750">
         <name>.debug_info</name>
         <load_address>0x311d</load_address>
         <run_address>0x311d</run_address>
         <size>0x1ad</size>
         <input_file_ref idref="fl-5"/>
      </object_component>
      <object_component id="oc-75c">
         <name>.debug_info</name>
         <load_address>0x32ca</load_address>
         <run_address>0x32ca</run_address>
         <size>0x344</size>
         <input_file_ref idref="fl-5"/>
      </object_component>
      <object_component id="oc-7ef">
         <name>.debug_info</name>
         <load_address>0x360e</load_address>
         <run_address>0x360e</run_address>
         <size>0x242</size>
         <input_file_ref idref="fl-5"/>
      </object_component>
      <object_component id="oc-6e8">
         <name>.debug_info</name>
         <load_address>0x3850</load_address>
         <run_address>0x3850</run_address>
         <size>0x8c3</size>
         <input_file_ref idref="fl-6"/>
      </object_component>
      <object_component id="oc-6dd">
         <name>.debug_info</name>
         <load_address>0x4113</load_address>
         <run_address>0x4113</run_address>
         <size>0x1d9</size>
         <input_file_ref idref="fl-6"/>
      </object_component>
      <object_component id="oc-738">
         <name>.debug_info</name>
         <load_address>0x42ec</load_address>
         <run_address>0x42ec</run_address>
         <size>0x107</size>
         <input_file_ref idref="fl-6"/>
      </object_component>
      <object_component id="oc-73e">
         <name>.debug_info</name>
         <load_address>0x43f3</load_address>
         <run_address>0x43f3</run_address>
         <size>0x107</size>
         <input_file_ref idref="fl-6"/>
      </object_component>
      <object_component id="oc-756">
         <name>.debug_info</name>
         <load_address>0x44fa</load_address>
         <run_address>0x44fa</run_address>
         <size>0x10b</size>
         <input_file_ref idref="fl-6"/>
      </object_component>
      <object_component id="oc-6bb">
         <name>.debug_info</name>
         <load_address>0x4605</load_address>
         <run_address>0x4605</run_address>
         <size>0x207</size>
         <input_file_ref idref="fl-6"/>
      </object_component>
      <object_component id="oc-68f">
         <name>.debug_info</name>
         <load_address>0x480c</load_address>
         <run_address>0x480c</run_address>
         <size>0x1e0</size>
         <input_file_ref idref="fl-6"/>
      </object_component>
      <object_component id="oc-683">
         <name>.debug_info</name>
         <load_address>0x49ec</load_address>
         <run_address>0x49ec</run_address>
         <size>0x107</size>
         <input_file_ref idref="fl-6"/>
      </object_component>
      <object_component id="oc-67d">
         <name>.debug_info</name>
         <load_address>0x4af3</load_address>
         <run_address>0x4af3</run_address>
         <size>0x117</size>
         <input_file_ref idref="fl-6"/>
      </object_component>
      <object_component id="oc-677">
         <name>.debug_info</name>
         <load_address>0x4c0a</load_address>
         <run_address>0x4c0a</run_address>
         <size>0x10b</size>
         <input_file_ref idref="fl-6"/>
      </object_component>
      <object_component id="oc-7cf">
         <name>.debug_info</name>
         <load_address>0x4d15</load_address>
         <run_address>0x4d15</run_address>
         <size>0x136</size>
         <input_file_ref idref="fl-21"/>
      </object_component>
      <object_component id="oc-655">
         <name>.debug_info</name>
         <load_address>0x4e4b</load_address>
         <run_address>0x4e4b</run_address>
         <size>0xf6</size>
         <input_file_ref idref="fl-22"/>
      </object_component>
      <object_component id="oc-ba">
         <name>.debug_info</name>
         <load_address>0x4f41</load_address>
         <run_address>0x4f41</run_address>
         <size>0x197</size>
         <input_file_ref idref="fl-23"/>
      </object_component>
      <object_component id="oc-663">
         <name>.debug_info</name>
         <load_address>0x50d8</load_address>
         <run_address>0x50d8</run_address>
         <size>0x1d0</size>
         <input_file_ref idref="fl-24"/>
      </object_component>
      <object_component id="oc-74">
         <name>.debug_info</name>
         <load_address>0x52a8</load_address>
         <run_address>0x52a8</run_address>
         <size>0x1e8</size>
         <input_file_ref idref="fl-24"/>
      </object_component>
      <object_component id="oc-65e">
         <name>.debug_info</name>
         <load_address>0x5490</load_address>
         <run_address>0x5490</run_address>
         <size>0x46</size>
         <input_file_ref idref="fl-24"/>
      </object_component>
      <object_component id="oc-66b">
         <name>.debug_info</name>
         <load_address>0x54d6</load_address>
         <run_address>0x54d6</run_address>
         <size>0x1d5</size>
         <input_file_ref idref="fl-25"/>
      </object_component>
      <object_component id="oc-665">
         <name>.debug_info</name>
         <load_address>0x56ab</load_address>
         <run_address>0x56ab</run_address>
         <size>0x2c1</size>
         <input_file_ref idref="fl-25"/>
      </object_component>
      <object_component id="oc-7a">
         <name>.debug_info</name>
         <load_address>0x596c</load_address>
         <run_address>0x596c</run_address>
         <size>0x1c1</size>
         <input_file_ref idref="fl-25"/>
      </object_component>
      <object_component id="oc-66c">
         <name>.debug_info</name>
         <load_address>0x5b2d</load_address>
         <run_address>0x5b2d</run_address>
         <size>0x39</size>
         <input_file_ref idref="fl-25"/>
      </object_component>
      <object_component id="oc-659">
         <name>.debug_info</name>
         <load_address>0x5b66</load_address>
         <run_address>0x5b66</run_address>
         <size>0x11a</size>
         <input_file_ref idref="fl-27"/>
      </object_component>
      <object_component id="oc-704">
         <name>.debug_info</name>
         <load_address>0x5c80</load_address>
         <run_address>0x5c80</run_address>
         <size>0x12e</size>
         <input_file_ref idref="fl-28"/>
      </object_component>
      <object_component id="oc-77e">
         <name>.debug_info</name>
         <load_address>0x5dae</load_address>
         <run_address>0x5dae</run_address>
         <size>0x11a</size>
         <input_file_ref idref="fl-29"/>
      </object_component>
      <object_component id="oc-6c3">
         <name>.debug_info</name>
         <load_address>0x5ec8</load_address>
         <run_address>0x5ec8</run_address>
         <size>0x118</size>
         <input_file_ref idref="fl-2a"/>
      </object_component>
      <object_component id="oc-672">
         <name>.debug_info</name>
         <load_address>0x5fe0</load_address>
         <run_address>0x5fe0</run_address>
         <size>0x108</size>
         <input_file_ref idref="fl-43"/>
      </object_component>
      <object_component id="oc-785">
         <name>.debug_info</name>
         <load_address>0x60e8</load_address>
         <run_address>0x60e8</run_address>
         <size>0x129</size>
         <input_file_ref idref="fl-46"/>
      </object_component>
      <object_component id="oc-69b">
         <name>.debug_info</name>
         <load_address>0x6211</load_address>
         <run_address>0x6211</run_address>
         <size>0x149</size>
         <input_file_ref idref="fl-4a"/>
      </object_component>
      <object_component id="oc-71d">
         <name>.debug_info</name>
         <load_address>0x635a</load_address>
         <run_address>0x635a</run_address>
         <size>0x403</size>
         <input_file_ref idref="fl-4d"/>
      </object_component>
      <object_component id="oc-6a1">
         <name>.debug_info</name>
         <load_address>0x675d</load_address>
         <run_address>0x675d</run_address>
         <size>0x223</size>
         <input_file_ref idref="fl-4d"/>
      </object_component>
      <object_component id="oc-794">
         <name>.debug_info</name>
         <load_address>0x6980</load_address>
         <run_address>0x6980</run_address>
         <size>0x39</size>
         <input_file_ref idref="fl-4d"/>
      </object_component>
      <object_component id="oc-71e">
         <name>.debug_info</name>
         <load_address>0x69b9</load_address>
         <run_address>0x69b9</run_address>
         <size>0x2c</size>
         <input_file_ref idref="fl-4d"/>
      </object_component>
      <object_component id="oc-799">
         <name>.debug_info</name>
         <load_address>0x69e5</load_address>
         <run_address>0x69e5</run_address>
         <size>0xcd</size>
         <input_file_ref idref="fl-4d"/>
      </object_component>
      <object_component id="oc-790">
         <name>.debug_info</name>
         <load_address>0x6ab2</load_address>
         <run_address>0x6ab2</run_address>
         <size>0x2ad</size>
         <input_file_ref idref="fl-4e"/>
      </object_component>
      <object_component id="oc-711">
         <name>.debug_info</name>
         <load_address>0x6d5f</load_address>
         <run_address>0x6d5f</run_address>
         <size>0x20d</size>
         <input_file_ref idref="fl-4e"/>
      </object_component>
      <object_component id="oc-80f">
         <name>.debug_info</name>
         <load_address>0x6f6c</load_address>
         <run_address>0x6f6c</run_address>
         <size>0x2c</size>
         <input_file_ref idref="fl-4e"/>
      </object_component>
      <object_component id="oc-808">
         <name>.debug_info</name>
         <load_address>0x6f98</load_address>
         <run_address>0x6f98</run_address>
         <size>0x2c</size>
         <input_file_ref idref="fl-4e"/>
      </object_component>
      <object_component id="oc-807">
         <name>.debug_info</name>
         <load_address>0x6fc4</load_address>
         <run_address>0x6fc4</run_address>
         <size>0x16e</size>
         <input_file_ref idref="fl-4f"/>
      </object_component>
      <object_component id="oc-78a">
         <name>.debug_info</name>
         <load_address>0x7132</load_address>
         <run_address>0x7132</run_address>
         <size>0x192</size>
         <input_file_ref idref="fl-4f"/>
      </object_component>
      <object_component id="oc-717">
         <name>.debug_info</name>
         <load_address>0x72c4</load_address>
         <run_address>0x72c4</run_address>
         <size>0x146</size>
         <input_file_ref idref="fl-51"/>
      </object_component>
      <object_component id="oc-8ae">
         <name>.debug_info</name>
         <load_address>0x740a</load_address>
         <run_address>0x740a</run_address>
         <size>0xad</size>
      </object_component>
      <object_component id="oc-7c6">
         <name>.debug_line</name>
         <load_address>0x0</load_address>
         <run_address>0x0</run_address>
         <size>0x48</size>
         <input_file_ref idref="fl-2"/>
      </object_component>
      <object_component id="oc-7cc">
         <name>.debug_line</name>
         <load_address>0x48</load_address>
         <run_address>0x48</run_address>
         <size>0x48</size>
         <input_file_ref idref="fl-2"/>
      </object_component>
      <object_component id="oc-7c0">
         <name>.debug_line</name>
         <load_address>0x90</load_address>
         <run_address>0x90</run_address>
         <size>0x4a</size>
         <input_file_ref idref="fl-2"/>
      </object_component>
      <object_component id="oc-81d">
         <name>.debug_line</name>
         <load_address>0xda</load_address>
         <run_address>0xda</run_address>
         <size>0x50</size>
         <input_file_ref idref="fl-2"/>
      </object_component>
      <object_component id="oc-74d">
         <name>.debug_line</name>
         <load_address>0x12a</load_address>
         <run_address>0x12a</run_address>
         <size>0x6b</size>
         <input_file_ref idref="fl-2"/>
      </object_component>
      <object_component id="oc-6d3">
         <name>.debug_line</name>
         <load_address>0x195</load_address>
         <run_address>0x195</run_address>
         <size>0x20</size>
         <input_file_ref idref="fl-2"/>
      </object_component>
      <object_component id="oc-76f">
         <name>.debug_line</name>
         <load_address>0x1b5</load_address>
         <run_address>0x1b5</run_address>
         <size>0x9b</size>
         <input_file_ref idref="fl-3"/>
      </object_component>
      <object_component id="oc-769">
         <name>.debug_line</name>
         <load_address>0x250</load_address>
         <run_address>0x250</run_address>
         <size>0x41</size>
         <input_file_ref idref="fl-3"/>
      </object_component>
      <object_component id="oc-6e4">
         <name>.debug_line</name>
         <load_address>0x291</load_address>
         <run_address>0x291</run_address>
         <size>0x49</size>
         <input_file_ref idref="fl-3"/>
      </object_component>
      <object_component id="oc-70c">
         <name>.debug_line</name>
         <load_address>0x2da</load_address>
         <run_address>0x2da</run_address>
         <size>0x4a</size>
         <input_file_ref idref="fl-3"/>
      </object_component>
      <object_component id="oc-6fb">
         <name>.debug_line</name>
         <load_address>0x324</load_address>
         <run_address>0x324</run_address>
         <size>0x4c</size>
         <input_file_ref idref="fl-3"/>
      </object_component>
      <object_component id="oc-68c">
         <name>.debug_line</name>
         <load_address>0x370</load_address>
         <run_address>0x370</run_address>
         <size>0x73</size>
         <input_file_ref idref="fl-3"/>
      </object_component>
      <object_component id="oc-803">
         <name>.debug_line</name>
         <load_address>0x3e3</load_address>
         <run_address>0x3e3</run_address>
         <size>0x35</size>
         <input_file_ref idref="fl-4"/>
      </object_component>
      <object_component id="oc-7ff">
         <name>.debug_line</name>
         <load_address>0x418</load_address>
         <run_address>0x418</run_address>
         <size>0x2c</size>
         <input_file_ref idref="fl-4"/>
      </object_component>
      <object_component id="oc-801">
         <name>.debug_line</name>
         <load_address>0x444</load_address>
         <run_address>0x444</run_address>
         <size>0x2c</size>
         <input_file_ref idref="fl-4"/>
      </object_component>
      <object_component id="oc-747">
         <name>.debug_line</name>
         <load_address>0x470</load_address>
         <run_address>0x470</run_address>
         <size>0x46</size>
         <input_file_ref idref="fl-4"/>
      </object_component>
      <object_component id="oc-701">
         <name>.debug_line</name>
         <load_address>0x4b6</load_address>
         <run_address>0x4b6</run_address>
         <size>0x8f</size>
         <input_file_ref idref="fl-4"/>
      </object_component>
      <object_component id="oc-771">
         <name>.debug_line</name>
         <load_address>0x545</load_address>
         <run_address>0x545</run_address>
         <size>0xaa</size>
         <input_file_ref idref="fl-5"/>
      </object_component>
      <object_component id="oc-824">
         <name>.debug_line</name>
         <load_address>0x5ef</load_address>
         <run_address>0x5ef</run_address>
         <size>0x2f</size>
         <input_file_ref idref="fl-5"/>
      </object_component>
      <object_component id="oc-773">
         <name>.debug_line</name>
         <load_address>0x61e</load_address>
         <run_address>0x61e</run_address>
         <size>0x2f</size>
         <input_file_ref idref="fl-5"/>
      </object_component>
      <object_component id="oc-829">
         <name>.debug_line</name>
         <load_address>0x64d</load_address>
         <run_address>0x64d</run_address>
         <size>0x7b</size>
         <input_file_ref idref="fl-5"/>
      </object_component>
      <object_component id="oc-83d">
         <name>.debug_line</name>
         <load_address>0x6c8</load_address>
         <run_address>0x6c8</run_address>
         <size>0x87</size>
         <input_file_ref idref="fl-5"/>
      </object_component>
      <object_component id="oc-834">
         <name>.debug_line</name>
         <load_address>0x74f</load_address>
         <run_address>0x74f</run_address>
         <size>0xb4</size>
         <input_file_ref idref="fl-5"/>
      </object_component>
      <object_component id="oc-7dc">
         <name>.debug_line</name>
         <load_address>0x803</load_address>
         <run_address>0x803</run_address>
         <size>0x130</size>
         <input_file_ref idref="fl-5"/>
      </object_component>
      <object_component id="oc-7e2">
         <name>.debug_line</name>
         <load_address>0x933</load_address>
         <run_address>0x933</run_address>
         <size>0x6e</size>
         <input_file_ref idref="fl-5"/>
      </object_component>
      <object_component id="oc-7e8">
         <name>.debug_line</name>
         <load_address>0x9a1</load_address>
         <run_address>0x9a1</run_address>
         <size>0x81</size>
         <input_file_ref idref="fl-5"/>
      </object_component>
      <object_component id="oc-753">
         <name>.debug_line</name>
         <load_address>0xa22</load_address>
         <run_address>0xa22</run_address>
         <size>0x95</size>
         <input_file_ref idref="fl-5"/>
      </object_component>
      <object_component id="oc-75f">
         <name>.debug_line</name>
         <load_address>0xab7</load_address>
         <run_address>0xab7</run_address>
         <size>0xf6</size>
         <input_file_ref idref="fl-5"/>
      </object_component>
      <object_component id="oc-7f2">
         <name>.debug_line</name>
         <load_address>0xbad</load_address>
         <run_address>0xbad</run_address>
         <size>0x7c</size>
         <input_file_ref idref="fl-5"/>
      </object_component>
      <object_component id="oc-76d">
         <name>.debug_line</name>
         <load_address>0xc29</load_address>
         <run_address>0xc29</run_address>
         <size>0xca</size>
         <input_file_ref idref="fl-6"/>
      </object_component>
      <object_component id="oc-764">
         <name>.debug_line</name>
         <load_address>0xcf3</load_address>
         <run_address>0xcf3</run_address>
         <size>0x2d</size>
         <input_file_ref idref="fl-6"/>
      </object_component>
      <object_component id="oc-73b">
         <name>.debug_line</name>
         <load_address>0xd20</load_address>
         <run_address>0xd20</run_address>
         <size>0x5d</size>
         <input_file_ref idref="fl-6"/>
      </object_component>
      <object_component id="oc-741">
         <name>.debug_line</name>
         <load_address>0xd7d</load_address>
         <run_address>0xd7d</run_address>
         <size>0x51</size>
         <input_file_ref idref="fl-6"/>
      </object_component>
      <object_component id="oc-759">
         <name>.debug_line</name>
         <load_address>0xdce</load_address>
         <run_address>0xdce</run_address>
         <size>0x45</size>
         <input_file_ref idref="fl-6"/>
      </object_component>
      <object_component id="oc-6be">
         <name>.debug_line</name>
         <load_address>0xe13</load_address>
         <run_address>0xe13</run_address>
         <size>0x92</size>
         <input_file_ref idref="fl-6"/>
      </object_component>
      <object_component id="oc-692">
         <name>.debug_line</name>
         <load_address>0xea5</load_address>
         <run_address>0xea5</run_address>
         <size>0x118</size>
         <input_file_ref idref="fl-6"/>
      </object_component>
      <object_component id="oc-686">
         <name>.debug_line</name>
         <load_address>0xfbd</load_address>
         <run_address>0xfbd</run_address>
         <size>0x4c</size>
         <input_file_ref idref="fl-6"/>
      </object_component>
      <object_component id="oc-680">
         <name>.debug_line</name>
         <load_address>0x1009</load_address>
         <run_address>0x1009</run_address>
         <size>0x45</size>
         <input_file_ref idref="fl-6"/>
      </object_component>
      <object_component id="oc-67a">
         <name>.debug_line</name>
         <load_address>0x104e</load_address>
         <run_address>0x104e</run_address>
         <size>0x5a</size>
         <input_file_ref idref="fl-6"/>
      </object_component>
      <object_component id="oc-7d2">
         <name>.debug_line</name>
         <load_address>0x10a8</load_address>
         <run_address>0x10a8</run_address>
         <size>0x3c</size>
         <input_file_ref idref="fl-21"/>
      </object_component>
      <object_component id="oc-6cf">
         <name>.debug_line</name>
         <load_address>0x10e4</load_address>
         <run_address>0x10e4</run_address>
         <size>0x2a</size>
         <input_file_ref idref="fl-22"/>
      </object_component>
      <object_component id="oc-bd">
         <name>.debug_line</name>
         <load_address>0x110e</load_address>
         <run_address>0x110e</run_address>
         <size>0x4c</size>
         <input_file_ref idref="fl-23"/>
      </object_component>
      <object_component id="oc-6d7">
         <name>.debug_line</name>
         <load_address>0x115a</load_address>
         <run_address>0x115a</run_address>
         <size>0x3a</size>
         <input_file_ref idref="fl-24"/>
      </object_component>
      <object_component id="oc-77">
         <name>.debug_line</name>
         <load_address>0x1194</load_address>
         <run_address>0x1194</run_address>
         <size>0x50</size>
         <input_file_ref idref="fl-24"/>
      </object_component>
      <object_component id="oc-661">
         <name>.debug_line</name>
         <load_address>0x11e4</load_address>
         <run_address>0x11e4</run_address>
         <size>0x3a</size>
         <input_file_ref idref="fl-24"/>
      </object_component>
      <object_component id="oc-6da">
         <name>.debug_line</name>
         <load_address>0x121e</load_address>
         <run_address>0x121e</run_address>
         <size>0x20</size>
         <input_file_ref idref="fl-25"/>
      </object_component>
      <object_component id="oc-668">
         <name>.debug_line</name>
         <load_address>0x123e</load_address>
         <run_address>0x123e</run_address>
         <size>0x87</size>
         <input_file_ref idref="fl-25"/>
      </object_component>
      <object_component id="oc-7d">
         <name>.debug_line</name>
         <load_address>0x12c5</load_address>
         <run_address>0x12c5</run_address>
         <size>0x4c</size>
         <input_file_ref idref="fl-25"/>
      </object_component>
      <object_component id="oc-66f">
         <name>.debug_line</name>
         <load_address>0x1311</load_address>
         <run_address>0x1311</run_address>
         <size>0x39</size>
         <input_file_ref idref="fl-25"/>
      </object_component>
      <object_component id="oc-65c">
         <name>.debug_line</name>
         <load_address>0x134a</load_address>
         <run_address>0x134a</run_address>
         <size>0x52</size>
         <input_file_ref idref="fl-27"/>
      </object_component>
      <object_component id="oc-707">
         <name>.debug_line</name>
         <load_address>0x139c</load_address>
         <run_address>0x139c</run_address>
         <size>0x4d</size>
         <input_file_ref idref="fl-28"/>
      </object_component>
      <object_component id="oc-781">
         <name>.debug_line</name>
         <load_address>0x13e9</load_address>
         <run_address>0x13e9</run_address>
         <size>0x43</size>
         <input_file_ref idref="fl-29"/>
      </object_component>
      <object_component id="oc-6c6">
         <name>.debug_line</name>
         <load_address>0x142c</load_address>
         <run_address>0x142c</run_address>
         <size>0x3d</size>
         <input_file_ref idref="fl-2a"/>
      </object_component>
      <object_component id="oc-675">
         <name>.debug_line</name>
         <load_address>0x1469</load_address>
         <run_address>0x1469</run_address>
         <size>0x3d</size>
         <input_file_ref idref="fl-43"/>
      </object_component>
      <object_component id="oc-788">
         <name>.debug_line</name>
         <load_address>0x14a6</load_address>
         <run_address>0x14a6</run_address>
         <size>0x46</size>
         <input_file_ref idref="fl-46"/>
      </object_component>
      <object_component id="oc-69e">
         <name>.debug_line</name>
         <load_address>0x14ec</load_address>
         <run_address>0x14ec</run_address>
         <size>0x3e</size>
         <input_file_ref idref="fl-4a"/>
      </object_component>
      <object_component id="oc-793">
         <name>.debug_line</name>
         <load_address>0x152a</load_address>
         <run_address>0x152a</run_address>
         <size>0xbb</size>
         <input_file_ref idref="fl-4d"/>
      </object_component>
      <object_component id="oc-6a4">
         <name>.debug_line</name>
         <load_address>0x15e5</load_address>
         <run_address>0x15e5</run_address>
         <size>0xa7</size>
         <input_file_ref idref="fl-4d"/>
      </object_component>
      <object_component id="oc-797">
         <name>.debug_line</name>
         <load_address>0x168c</load_address>
         <run_address>0x168c</run_address>
         <size>0x2e</size>
         <input_file_ref idref="fl-4d"/>
      </object_component>
      <object_component id="oc-721">
         <name>.debug_line</name>
         <load_address>0x16ba</load_address>
         <run_address>0x16ba</run_address>
         <size>0x8a</size>
         <input_file_ref idref="fl-4d"/>
      </object_component>
      <object_component id="oc-79c">
         <name>.debug_line</name>
         <load_address>0x1744</load_address>
         <run_address>0x1744</run_address>
         <size>0x8b</size>
         <input_file_ref idref="fl-4d"/>
      </object_component>
      <object_component id="oc-80e">
         <name>.debug_line</name>
         <load_address>0x17cf</load_address>
         <run_address>0x17cf</run_address>
         <size>0xa5</size>
         <input_file_ref idref="fl-4e"/>
      </object_component>
      <object_component id="oc-714">
         <name>.debug_line</name>
         <load_address>0x1874</load_address>
         <run_address>0x1874</run_address>
         <size>0x70</size>
         <input_file_ref idref="fl-4e"/>
      </object_component>
      <object_component id="oc-812">
         <name>.debug_line</name>
         <load_address>0x18e4</load_address>
         <run_address>0x18e4</run_address>
         <size>0x2e</size>
         <input_file_ref idref="fl-4e"/>
      </object_component>
      <object_component id="oc-80b">
         <name>.debug_line</name>
         <load_address>0x1912</load_address>
         <run_address>0x1912</run_address>
         <size>0x8a</size>
         <input_file_ref idref="fl-4e"/>
      </object_component>
      <object_component id="oc-842">
         <name>.debug_line</name>
         <load_address>0x199c</load_address>
         <run_address>0x199c</run_address>
         <size>0x20</size>
         <input_file_ref idref="fl-4f"/>
      </object_component>
      <object_component id="oc-78d">
         <name>.debug_line</name>
         <load_address>0x19bc</load_address>
         <run_address>0x19bc</run_address>
         <size>0x45</size>
         <input_file_ref idref="fl-4f"/>
      </object_component>
      <object_component id="oc-71a">
         <name>.debug_line</name>
         <load_address>0x1a01</load_address>
         <run_address>0x1a01</run_address>
         <size>0x3a</size>
         <input_file_ref idref="fl-51"/>
      </object_component>
      <object_component id="oc-7c7">
         <name>.debug_frame</name>
         <load_address>0x0</load_address>
         <run_address>0x0</run_address>
         <size>0x47</size>
         <input_file_ref idref="fl-2"/>
      </object_component>
      <object_component id="oc-7cd">
         <name>.debug_frame</name>
         <load_address>0x47</load_address>
         <run_address>0x47</run_address>
         <size>0x47</size>
         <input_file_ref idref="fl-2"/>
      </object_component>
      <object_component id="oc-7c1">
         <name>.debug_frame</name>
         <load_address>0x8e</load_address>
         <run_address>0x8e</run_address>
         <size>0x50</size>
         <input_file_ref idref="fl-2"/>
      </object_component>
      <object_component id="oc-81e">
         <name>.debug_frame</name>
         <load_address>0xde</load_address>
         <run_address>0xde</run_address>
         <size>0x47</size>
         <input_file_ref idref="fl-2"/>
      </object_component>
      <object_component id="oc-74e">
         <name>.debug_frame</name>
         <load_address>0x125</load_address>
         <run_address>0x125</run_address>
         <size>0x5f</size>
         <input_file_ref idref="fl-2"/>
      </object_component>
      <object_component id="oc-76a">
         <name>.debug_frame</name>
         <load_address>0x184</load_address>
         <run_address>0x184</run_address>
         <size>0x47</size>
         <input_file_ref idref="fl-3"/>
      </object_component>
      <object_component id="oc-6e5">
         <name>.debug_frame</name>
         <load_address>0x1cb</load_address>
         <run_address>0x1cb</run_address>
         <size>0x47</size>
         <input_file_ref idref="fl-3"/>
      </object_component>
      <object_component id="oc-70d">
         <name>.debug_frame</name>
         <load_address>0x212</load_address>
         <run_address>0x212</run_address>
         <size>0x47</size>
         <input_file_ref idref="fl-3"/>
      </object_component>
      <object_component id="oc-6fc">
         <name>.debug_frame</name>
         <load_address>0x259</load_address>
         <run_address>0x259</run_address>
         <size>0x47</size>
         <input_file_ref idref="fl-3"/>
      </object_component>
      <object_component id="oc-68d">
         <name>.debug_frame</name>
         <load_address>0x2a0</load_address>
         <run_address>0x2a0</run_address>
         <size>0x5c</size>
         <input_file_ref idref="fl-3"/>
      </object_component>
      <object_component id="oc-748">
         <name>.debug_frame</name>
         <load_address>0x2fc</load_address>
         <run_address>0x2fc</run_address>
         <size>0x47</size>
         <input_file_ref idref="fl-4"/>
      </object_component>
      <object_component id="oc-702">
         <name>.debug_frame</name>
         <load_address>0x343</load_address>
         <run_address>0x343</run_address>
         <size>0x63</size>
         <input_file_ref idref="fl-4"/>
      </object_component>
      <object_component id="oc-82a">
         <name>.debug_frame</name>
         <load_address>0x3a6</load_address>
         <run_address>0x3a6</run_address>
         <size>0x47</size>
         <input_file_ref idref="fl-5"/>
      </object_component>
      <object_component id="oc-83e">
         <name>.debug_frame</name>
         <load_address>0x3ed</load_address>
         <run_address>0x3ed</run_address>
         <size>0x47</size>
         <input_file_ref idref="fl-5"/>
      </object_component>
      <object_component id="oc-835">
         <name>.debug_frame</name>
         <load_address>0x434</load_address>
         <run_address>0x434</run_address>
         <size>0x48</size>
         <input_file_ref idref="fl-5"/>
      </object_component>
      <object_component id="oc-7dd">
         <name>.debug_frame</name>
         <load_address>0x47c</load_address>
         <run_address>0x47c</run_address>
         <size>0x58</size>
         <input_file_ref idref="fl-5"/>
      </object_component>
      <object_component id="oc-7e3">
         <name>.debug_frame</name>
         <load_address>0x4d4</load_address>
         <run_address>0x4d4</run_address>
         <size>0x48</size>
         <input_file_ref idref="fl-5"/>
      </object_component>
      <object_component id="oc-7e9">
         <name>.debug_frame</name>
         <load_address>0x51c</load_address>
         <run_address>0x51c</run_address>
         <size>0x48</size>
         <input_file_ref idref="fl-5"/>
      </object_component>
      <object_component id="oc-754">
         <name>.debug_frame</name>
         <load_address>0x564</load_address>
         <run_address>0x564</run_address>
         <size>0x48</size>
         <input_file_ref idref="fl-5"/>
      </object_component>
      <object_component id="oc-760">
         <name>.debug_frame</name>
         <load_address>0x5ac</load_address>
         <run_address>0x5ac</run_address>
         <size>0x5e</size>
         <input_file_ref idref="fl-5"/>
      </object_component>
      <object_component id="oc-7f3">
         <name>.debug_frame</name>
         <load_address>0x60a</load_address>
         <run_address>0x60a</run_address>
         <size>0x47</size>
         <input_file_ref idref="fl-5"/>
      </object_component>
      <object_component id="oc-73c">
         <name>.debug_frame</name>
         <load_address>0x651</load_address>
         <run_address>0x651</run_address>
         <size>0x48</size>
         <input_file_ref idref="fl-6"/>
      </object_component>
      <object_component id="oc-742">
         <name>.debug_frame</name>
         <load_address>0x699</load_address>
         <run_address>0x699</run_address>
         <size>0x47</size>
         <input_file_ref idref="fl-6"/>
      </object_component>
      <object_component id="oc-75a">
         <name>.debug_frame</name>
         <load_address>0x6e0</load_address>
         <run_address>0x6e0</run_address>
         <size>0x47</size>
         <input_file_ref idref="fl-6"/>
      </object_component>
      <object_component id="oc-6bf">
         <name>.debug_frame</name>
         <load_address>0x727</load_address>
         <run_address>0x727</run_address>
         <size>0x48</size>
         <input_file_ref idref="fl-6"/>
      </object_component>
      <object_component id="oc-693">
         <name>.debug_frame</name>
         <load_address>0x76f</load_address>
[...]
      </symbol>
      <symbol id="sm-568">
         <name>UCB1I2CSA_H</name>
         <value>0x6a1</value>
      </symbol>
      <symbol id="sm-569">
         <name>UCB1IE</name>
         <value>0x6aa</value>
      </symbol>
      <symbol id="sm-56a">
         <name>UCB1IE_L</name>
         <value>0x6aa</value>
      </symbol>
      <symbol id="sm-56b">
         <name>UCB1IE_H</name>
         <value>0x6ab</value>
      </symbol>
      <symbol id="sm-56c">
         <name>UCB1IFG</name>
         <value>0x6ac</value>
      </symbol>
      <symbol id="sm-56d">
         <name>UCB1IFG_L</name>
         <value>0x6ac</value>
      </symbol>
      <symbol id="sm-56e">
         <name>UCB1IFG_H</name>
         <value>0x6ad</value>
      </symbol>
      <symbol id="sm-56f">
         <name>UCB1IV</name>
         <value>0x6ae</value>
      </symbol>
      <symbol id="sm-570">
         <name>WDTCTL</name>
         <value>0x15c</value>
      </symbol>
      <symbol id="sm-571">
         <name>WDTCTL_L</name>
         <value>0x15c</value>
      </symbol>
      <symbol id="sm-572">
         <name>WDTCTL_H</name>
         <value>0x15d</value>
      </symbol>
      <symbol id="sm-573">
         <name>fram_rw_start</name>
         <value>0x4400</value>
      </symbol>
      <symbol id="sm-574">
         <name>fram_ro_start</name>
         <value>0x4400</value>
      </symbol>
      <symbol id="sm-575">
         <name>fram_rx_start</name>
         <value>0x4800</value>
      </symbol>
      <symbol id="sm-576">
         <name>fram_ipe_start</name>
         <value>0x5c00</value>
      </symbol>
      <symbol id="sm-577">
         <name>fram_ipe_end</name>
         <value>0x5c00</value>
      </symbol>
      <symbol id="sm-578">
         <name>__TI_CINIT_Base</name>
         <value>0x441c</value>
      </symbol>
      <symbol id="sm-579">
         <name>__TI_CINIT_Limit</name>
         <value>0x442c</value>
      </symbol>
      <symbol id="sm-57a">
         <name>__TI_Handler_Table_Base</name>
         <value>0x4414</value>
      </symbol>
      <symbol id="sm-57b">
         <name>__TI_Handler_Table_Limit</name>
         <value>0x441c</value>
      </symbol>
      <symbol id="sm-57c">
         <name>__STACK_SIZE</name>
         <value>0xa0</value>
      </symbol>
      <symbol id="sm-57d">
         <name>__STACK_END</name>
         <value>0x2400</value>
      </symbol>
      <symbol id="sm-57e">
         <name>__c_args__</name>
         <value>0xffffffff</value>
      </symbol>
      <symbol id="sm-57f">
         <name>__TI_pprof_out_hndl</name>
         <value>0xffffffff</value>
      </symbol>
      <symbol id="sm-580">
         <name>__TI_prof_data_start</name>
         <value>0xffffffff</value>
      </symbol>
      <symbol id="sm-581">
         <name>__TI_prof_data_size</name>
         <value>0xffffffff</value>
      </symbol>
      <symbol id="sm-60a">
         <name>MeasureEsiosc_Oversampling</name>
         <value>0x5a9c</value>
         <object_component_ref idref="oc-7bc"/>
      </symbol>
      <symbol id="sm-60b">
         <name>getESICLKFQ</name>
         <value>0x5bb4</value>
         <object_component_ref idref="oc-7c2"/>
      </symbol>
      <symbol id="sm-60c">
         <name>setESICLKFQ</name>
         <value>0x5b64</value>
         <object_component_ref idref="oc-7c8"/>
      </symbol>
      <symbol id="sm-60d">
         <name>EsioscMeasure</name>
         <value>0x5aec</value>
         <object_component_ref idref="oc-819"/>
      </symbol>
      <symbol id="sm-60e">
         <name>EsioscInit</name>
         <value>0x5782</value>
         <object_component_ref idref="oc-749"/>
      </symbol>
      <symbol id="sm-63f">
         <name>Master_RXData</name>
         <value>0x1c00</value>
      </symbol>
      <symbol id="sm-640">
         <name>TXData</name>
         <value>0x1c06</value>
      </symbol>
      <symbol id="sm-641">
         <name>TXByteCtr</name>
         <value>0x1c2e</value>
      </symbol>
      <symbol id="sm-642">
         <name>RXByteCtr</name>
         <value>0x1c2c</value>
      </symbol>
      <symbol id="sm-643">
         <name>IIC_TX</name>
         <value>0x59de</value>
         <object_component_ref idref="oc-708"/>
      </symbol>
      <symbol id="sm-644">
         <name>Set_IIC_Timeout</name>
         <value>0x5b7a</value>
         <object_component_ref idref="oc-765"/>
      </symbol>
      <symbol id="sm-645">
         <name>__TI_int46</name>
         <value>0xffec</value>
         <object_component_ref idref="oc-92"/>
      </symbol>
      <symbol id="sm-646">
         <name>USCI_B0_ISR</name>
         <value>0x585e</value>
         <object_component_ref idref="oc-688"/>
      </symbol>
      <symbol id="sm-647">
         <name>Set_IIC</name>
         <value>0x593c</value>
         <object_component_ref idref="oc-6e0"/>
      </symbol>
      <symbol id="sm-648">
         <name>IIC_RX</name>
         <value>0x59ac</value>
         <object_component_ref idref="oc-6f7"/>
      </symbol>
      <symbol id="sm-677">
         <name>lcd_display_num</name>
         <value>0x51a6</value>
         <object_component_ref idref="oc-6fd"/>
      </symbol>
      <symbol id="sm-678">
         <name>lcd_small_num</name>
         <value>0x4446</value>
         <object_component_ref idref="oc-778"/>
      </symbol>
      <symbol id="sm-679">
         <name>lcd_num</name>
         <value>0x443c</value>
         <object_component_ref idref="oc-775"/>
      </symbol>
      <symbol id="sm-67a">
         <name>init_LCD</name>
         <value>0x5a42</value>
         <object_component_ref idref="oc-743"/>
      </symbol>
      <symbol id="sm-72a">
         <name>AFE1_base0</name>
         <value>0x1c0c</value>
      </symbol>
      <symbol id="sm-72b">
         <name>AFE1_base1</name>
         <value>0x1c0e</value>
      </symbol>
      <symbol id="sm-72c">
         <name>AFE2_base0</name>
         <value>0x1c10</value>
      </symbol>
      <symbol id="sm-72d">
         <name>AFE2_base1</name>
         <value>0x1c16</value>
      </symbol>
      <symbol id="sm-72e">
         <name>AFE2_base0_Max</name>
         <value>0x1c12</value>
      </symbol>
      <symbol id="sm-72f">
         <name>AFE2_base0_Min</name>
         <value>0x1c14</value>
      </symbol>
      <symbol id="sm-730">
         <name>AFE2_base1_Max</name>
         <value>0x1c18</value>
      </symbol>
      <symbol id="sm-731">
         <name>AFE2_base1_Min</name>
         <value>0x1c1a</value>
      </symbol>
      <symbol id="sm-732">
         <name>New_level</name>
         <value>0x1c26</value>
      </symbol>
      <symbol id="sm-733">
         <name>Delta</name>
         <value>0x1c1c</value>
      </symbol>
      <symbol id="sm-734">
         <name>Threshold_h1</name>
         <value>0x1c2a</value>
      </symbol>
      <symbol id="sm-735">
         <name>Threshold_h0</name>
         <value>0x1c28</value>
      </symbol>
      <symbol id="sm-736">
         <name>Max_DAC_Ch0</name>
         <value>0x1c1e</value>
      </symbol>
      <symbol id="sm-737">
         <name>Max_DAC_Ch1</name>
         <value>0x1c20</value>
      </symbol>
      <symbol id="sm-738">
         <name>Min_DAC_Ch0</name>
         <value>0x1c22</value>
      </symbol>
      <symbol id="sm-739">
         <name>Min_DAC_Ch1</name>
         <value>0x1c24</value>
      </symbol>
      <symbol id="sm-73a">
         <name>Status_flag</name>
         <value>0x1c42</value>
         <object_component_ref idref="oc-6f4"/>
      </symbol>
      <symbol id="sm-73b">
         <name>FindDAC</name>
         <value>0x5708</value>
         <object_component_ref idref="oc-825"/>
      </symbol>
      <symbol id="sm-73c">
         <name>Find_Noise_level</name>
         <value>0x557c</value>
         <object_component_ref idref="oc-7de"/>
      </symbol>
      <symbol id="sm-73d">
         <name>TSM_Auto_cal</name>
         <value>0x4a34</value>
         <object_component_ref idref="oc-7d8"/>
      </symbol>
      <symbol id="sm-73e">
         <name>Set_DAC</name>
         <value>0x50a4</value>
         <object_component_ref idref="oc-7e4"/>
      </symbol>
      <symbol id="sm-73f">
         <name>AFE2_drift1</name>
         <value>0x1c40</value>
         <object_component_ref idref="oc-6f4"/>
      </symbol>
      <symbol id="sm-740">
         <name>AFE2_drift0</name>
         <value>0x1c3e</value>
         <object_component_ref idref="oc-6f4"/>
      </symbol>
      <symbol id="sm-741">
         <name>FindDAC_Fast_Successive</name>
         <value>0x568c</value>
         <object_component_ref idref="oc-839"/>
      </symbol>
      <symbol id="sm-742">
         <name>Noise_level</name>
         <value>0x1c46</value>
         <object_component_ref idref="oc-6f4"/>
      </symbol>
      <symbol id="sm-743">
         <name>ReCalScanIF</name>
         <value>0x4800</value>
         <object_component_ref idref="oc-75b"/>
      </symbol>
      <symbol id="sm-744">
         <name>Table</name>
         <value>0x442c</value>
         <object_component_ref idref="oc-7d5"/>
      </symbol>
      <symbol id="sm-745">
         <name>InitScanIF</name>
         <value>0x4f62</value>
         <object_component_ref idref="oc-74f"/>
      </symbol>
      <symbol id="sm-746">
         <name>STATE_SEPARATION</name>
         <value>0x1c44</value>
         <object_component_ref idref="oc-6f4"/>
      </symbol>
      <symbol id="sm-747">
         <name>AFE2_FindDAC_Fast_Successive</name>
         <value>0x57f2</value>
         <object_component_ref idref="oc-7ee"/>
      </symbol>
      <symbol id="sm-748">
         <name>FindDAC_Fast_Range</name>
         <value>0x536a</value>
         <object_component_ref idref="oc-830"/>
      </symbol>
      <symbol id="sm-7aa">
         <name>ReCal_Flag</name>
         <value>0x1c2d</value>
      </symbol>
      <symbol id="sm-7ab">
         <name>rotation_counter</name>
         <value>0x1c34</value>
         <object_component_ref idref="oc-6dc"/>
      </symbol>
      <symbol id="sm-7ac">
         <name>__TI_int39</name>
         <value>0xffde</value>
         <object_component_ref idref="oc-8b"/>
      </symbol>
      <symbol id="sm-7ad">
         <name>__TI_int37</name>
         <value>0xffda</value>
         <object_component_ref idref="oc-89"/>
      </symbol>
      <symbol id="sm-7ae">
         <name>Set_Clock</name>
         <value>0x5a10</value>
         <object_component_ref idref="oc-73d"/>
      </symbol>
      <symbol id="sm-7af">
         <name>__TI_int48</name>
         <value>0xfff0</value>
         <object_component_ref idref="oc-94"/>
      </symbol>
      <symbol id="sm-7b0">
         <name>__TI_int44</name>
         <value>0xffe8</value>
         <object_component_ref idref="oc-90"/>
      </symbol>
      <symbol id="sm-7b1">
         <name>Port_Init</name>
         <value>0x5608</value>
         <object_component_ref idref="oc-737"/>
      </symbol>
      <symbol id="sm-7b2">
         <name>PORT1_ISR</name>
         <value>0x5974</value>
         <object_component_ref idref="oc-676"/>
      </symbol>
      <symbol id="sm-7b3">
         <name>test_status</name>
         <value>0x1c32</value>
         <object_component_ref idref="oc-6dc"/>
      </symbol>
      <symbol id="sm-7b4">
         <name>main</name>
         <value>0x4e02</value>
         <object_component_ref idref="oc-6ba"/>
      </symbol>
      <symbol id="sm-7b5">
         <name>ISR_ESCAN_IF</name>
         <value>0x4c4e</value>
         <object_component_ref idref="oc-68e"/>
      </symbol>
      <symbol id="sm-7b6">
         <name>Record_INT1</name>
         <value>0x1c36</value>
         <object_component_ref idref="oc-6dc"/>
      </symbol>
      <symbol id="sm-7b7">
         <name>Record_INT2</name>
         <value>0x1c38</value>
         <object_component_ref idref="oc-6dc"/>
      </symbol>
      <symbol id="sm-7b8">
         <name>Record_INT3</name>
         <value>0x1c3a</value>
         <object_component_ref idref="oc-6dc"/>
      </symbol>
      <symbol id="sm-7b9">
         <name>Record_INT4</name>
         <value>0x1c3c</value>
         <object_component_ref idref="oc-6dc"/>
      </symbol>
      <symbol id="sm-7ba">
         <name>Power_measure</name>
         <value>0x1c30</value>
         <object_component_ref idref="oc-6dc"/>
      </symbol>
      <symbol id="sm-7bb">
         <name>Timer_A</name>
         <value>0x5ac4</value>
         <object_component_ref idref="oc-682"/>
      </symbol>
      <symbol id="sm-7bc">
         <name>Timer1_A</name>
         <value>0x5b38</value>
         <object_component_ref idref="oc-67c"/>
      </symbol>
      <symbol id="sm-7bd">
         <name>Set_Timer_A</name>
         <value>0x5b8e</value>
         <object_component_ref idref="oc-755"/>
      </symbol>
      <symbol id="sm-7c7">
         <name>abs</name>
         <value>0x5bd2</value>
         <object_component_ref idref="oc-7ce"/>
      </symbol>
      <symbol id="sm-7cf">
         <name>_stack</name>
         <value>0x2360</value>
         <object_component_ref idref="oc-654"/>
      </symbol>
      <symbol id="sm-7d0">
         <name>_reset_vector</name>
         <value>0xfffe</value>
         <object_component_ref idref="oc-657"/>
      </symbol>
      <symbol id="sm-7da">
         <name>_c_int00_noargs_noexit</name>
         <value>0x5b06</value>
         <object_component_ref idref="oc-b9"/>
      </symbol>
      <symbol id="sm-7eb">
         <name>__TI_decompress_none</name>
         <value>0x5900</value>
         <object_component_ref idref="oc-73"/>
      </symbol>
      <symbol id="sm-80f">
         <name>__TI_decompress_rle24</name>
         <value>0x5bc4</value>
         <object_component_ref idref="oc-79"/>
      </symbol>
      <symbol id="sm-81b">
         <name>__memcpy_far</name>
         <value>0x58c0</value>
         <object_component_ref idref="oc-658"/>
      </symbol>
      <symbol id="sm-827">
         <name>__mspabi_remi</name>
         <value>0x5a70</value>
         <object_component_ref idref="oc-703"/>
      </symbol>
      <symbol id="sm-828">
         <name>__mspabi_divi</name>
         <value>0x5a70</value>
         <object_component_ref idref="oc-703"/>
      </symbol>
      <symbol id="sm-832">
         <name>__mspabi_remu</name>
         <value>0x5b4e</value>
         <object_component_ref idref="oc-77d"/>
      </symbol>
      <symbol id="sm-833">
         <name>__mspabi_divu</name>
         <value>0x5b4e</value>
         <object_component_ref idref="oc-77d"/>
      </symbol>
      <symbol id="sm-83d">
         <name>C$$EXIT</name>
         <value>0x5be4</value>
         <object_component_ref idref="oc-6c2"/>
      </symbol>
      <symbol id="sm-83e">
         <name>abort</name>
         <value>0x5be4</value>
         <object_component_ref idref="oc-6c2"/>
      </symbol>
      <symbol id="sm-842">
         <name>__TI_int27</name>
         <value>0xffc6</value>
         <object_component_ref idref="oc-7f"/>
      </symbol>
      <symbol id="sm-845">
         <name>__TI_int28</name>
         <value>0xffc8</value>
         <object_component_ref idref="oc-80"/>
      </symbol>
      <symbol id="sm-848">
         <name>__TI_int29</name>
         <value>0xffca</value>
         <object_component_ref idref="oc-81"/>
      </symbol>
      <symbol id="sm-84b">
         <name>__TI_int30</name>
         <value>0xffcc</value>
         <object_component_ref idref="oc-82"/>
      </symbol>
      <symbol id="sm-84e">
         <name>__TI_int31</name>
         <value>0xffce</value>
         <object_component_ref idref="oc-83"/>
      </symbol>
      <symbol id="sm-851">
         <name>__TI_int32</name>
         <value>0xffd0</value>
         <object_component_ref idref="oc-84"/>
      </symbol>
      <symbol id="sm-854">
         <name>__TI_int33</name>
         <value>0xffd2</value>
         <object_component_ref idref="oc-85"/>
      </symbol>
      <symbol id="sm-857">
         <name>__TI_int34</name>
         <value>0xffd4</value>
         <object_component_ref idref="oc-86"/>
      </symbol>
      <symbol id="sm-85a">
         <name>__TI_int35</name>
         <value>0xffd6</value>
         <object_component_ref idref="oc-87"/>
      </symbol>
      <symbol id="sm-85d">
         <name>__TI_int36</name>
         <value>0xffd8</value>
         <object_component_ref idref="oc-88"/>
      </symbol>
      <symbol id="sm-860">
         <name>__TI_int38</name>
         <value>0xffdc</value>
         <object_component_ref idref="oc-8a"/>
      </symbol>
      <symbol id="sm-863">
         <name>__TI_int40</name>
         <value>0xffe0</value>
         <object_component_ref idref="oc-8c"/>
      </symbol>
      <symbol id="sm-866">
         <name>__TI_int41</name>
         <value>0xffe2</value>
         <object_component_ref idref="oc-8d"/>
      </symbol>
      <symbol id="sm-869">
         <name>__TI_int42</name>
         <value>0xffe4</value>
         <object_component_ref idref="oc-8e"/>
      </symbol>
      <symbol id="sm-86c">
         <name>__TI_int43</name>
         <value>0xffe6</value>
         <object_component_ref idref="oc-8f"/>
      </symbol>
      <symbol id="sm-86f">
         <name>__TI_int45</name>
         <value>0xffea</value>
         <object_component_ref idref="oc-91"/>
      </symbol>
      <symbol id="sm-872">
         <name>__TI_int47</name>
         <value>0xffee</value>
         <object_component_ref idref="oc-93"/>
      </symbol>
      <symbol id="sm-875">
         <name>__TI_int49</name>
         <value>0xfff2</value>
         <object_component_ref idref="oc-95"/>
      </symbol>
      <symbol id="sm-878">
         <name>__TI_int50</name>
         <value>0xfff4</value>
         <object_component_ref idref="oc-96"/>
      </symbol>
      <symbol id="sm-87b">
         <name>__TI_int51</name>
         <value>0xfff6</value>
         <object_component_ref idref="oc-97"/>
      </symbol>
      <symbol id="sm-87e">
         <name>__TI_int52</name>
         <value>0xfff8</value>
         <object_component_ref idref="oc-98"/>
      </symbol>
      <symbol id="sm-881">
         <name>__TI_int53</name>
         <value>0xfffa</value>
         <object_component_ref idref="oc-99"/>
      </symbol>
      <symbol id="sm-884">
         <name>__TI_int54</name>
         <value>0xfffc</value>
         <object_component_ref idref="oc-9a"/>
      </symbol>
      <symbol id="sm-88c">
         <name>__TI_ISR_TRAP</name>
         <value>0x5bdc</value>
         <object_component_ref idref="oc-671"/>
      </symbol>
      <symbol id="sm-896">
         <name>__mspabi_mpyi_f5hw</name>
         <value>0x5b20</value>
         <object_component_ref idref="oc-784"/>
      </symbol>
      <symbol id="sm-8a2">
         <name>_system_pre_init</name>
         <value>0x5bea</value>
         <object_component_ref idref="oc-69a"/>
      </symbol>
      <symbol id="sm-8c5">
         <name>_auto_init_hold_wdt</name>
         <value>0x54e6</value>
         <object_component_ref idref="oc-6a0"/>
      </symbol>
      <symbol id="sm-8e1">
         <name>copy_in</name>
         <value>0x5434</value>
         <object_component_ref idref="oc-710"/>
      </symbol>
      <symbol id="sm-8ef">
         <name>memcpy</name>
         <value>0x5ba2</value>
         <object_component_ref idref="oc-789"/>
      </symbol>
      <symbol id="sm-8f9">
         <name>_system_post_cinit</name>
         <value>0x5bee</value>
         <object_component_ref idref="oc-716"/>
      </symbol>
      <symbol id="sm-8fe">
         <name>__TI_BINIT_Base</name>
         <value>0x0</value>
      </symbol>
      <symbol id="sm-8ff">
         <name>__TI_BINIT_Limit</name>
         <value>0x0</value>
      </symbol>
      <symbol id="sm-900">
         <name>__TI_INITARRAY_Base</name>
         <value>0x0</value>
      </symbol>
      <symbol id="sm-901">
         <name>__TI_INITARRAY_Limit</name>
         <value>0x0</value>
      </symbol>
   </symbol_table>
   <title>Link successful</title>
</link_info>
